Performing C SOURCE FILE Test CMAKE_HAVE_LIBC_PTHREAD failed with the following output:
Change Dir: /home/linaro/traffic_text_analysis_system/ppocr_timing/build/CMakeFiles/CMakeTmp

Run Build Command(s):/usr/bin/gmake cmTC_e14ca/fast && /usr/bin/gmake  -f CMakeFiles/cmTC_e14ca.dir/build.make CMakeFiles/cmTC_e14ca.dir/build
gmake[1]: 进入目录“/home/linaro/traffic_text_analysis_system/ppocr_timing/build/CMakeFiles/CMakeTmp”
Building C object CMakeFiles/cmTC_e14ca.dir/src.c.o
/usr/bin/cc   -O3 -Wall -DCMAKE_HAVE_LIBC_PTHREAD -o CMakeFiles/cmTC_e14ca.dir/src.c.o -c /home/linaro/traffic_text_analysis_system/ppocr_timing/build/CMakeFiles/CMakeTmp/src.c
Linking C executable cmTC_e14ca
/usr/bin/cmake -E cmake_link_script CMakeFiles/cmTC_e14ca.dir/link.txt --verbose=1
/usr/bin/cc  -O3 -Wall -DCMAKE_HAVE_LIBC_PTHREAD CMakeFiles/cmTC_e14ca.dir/src.c.o -o cmTC_e14ca 
/usr/bin/ld: CMakeFiles/cmTC_e14ca.dir/src.c.o: in function `main':
src.c:(.text.startup+0x1c): undefined reference to `pthread_create'
/usr/bin/ld: src.c:(.text.startup+0x24): undefined reference to `pthread_detach'
/usr/bin/ld: src.c:(.text.startup+0x2c): undefined reference to `pthread_cancel'
/usr/bin/ld: src.c:(.text.startup+0x38): undefined reference to `pthread_join'
collect2: error: ld returned 1 exit status
gmake[1]: *** [CMakeFiles/cmTC_e14ca.dir/build.make:106：cmTC_e14ca] 错误 1
gmake[1]: 离开目录“/home/linaro/traffic_text_analysis_system/ppocr_timing/build/CMakeFiles/CMakeTmp”
gmake: *** [Makefile:140：cmTC_e14ca/fast] 错误 2


Source file was:
#include <pthread.h>

void* test_func(void* data)
{
  return data;
}

int main(void)
{
  pthread_t thread;
  pthread_create(&thread, NULL, test_func, NULL);
  pthread_detach(thread);
  pthread_cancel(thread);
  pthread_join(thread, NULL);
  pthread_atfork(NULL, NULL, NULL);
  pthread_exit(NULL);

  return 0;
}

